2026-04-30 14:43:38 - Starting DigitalFitApplication using Java 25 with PID 3716 (C:\Users\manue\Desktop\2 DAW\PROYECTO\Código\DIGITAL-FIT\Digital-Fit-Proyecto\Backend\digital-fit\target\classes started by manue in C:\Users\manue\Desktop\2 DAW\PROYECTO\Código\DIGITAL-FIT\Digital-Fit-Proyecto\Backend)
2026-04-30 14:43:38 - Running with Spring Boot v4.0.5, Spring v7.0.6
2026-04-30 14:43:38 - No active profile set, falling back to 1 default profile: "default"
2026-04-30 14:43:38 - Devtools property defaults active! Set 'spring.devtools.add-properties' to 'false' to disable
2026-04-30 14:43:38 - For additional web related logging consider setting the 'logging.level.web' property to 'DEBUG'
2026-04-30 14:43:39 - Bootstrapping Spring Data JPA repositories in DEFAULT mode.
2026-04-30 14:43:39 - Finished Spring Data repository scanning in 79 ms. Found 13 JPA repository interfaces.
2026-04-30 14:43:39 - Tomcat initialized with port 8080 (http)
2026-04-30 14:43:39 - Starting service [Tomcat]
2026-04-30 14:43:39 - Starting Servlet engine: [Apache Tomcat/11.0.20]
2026-04-30 14:43:39 - Root WebApplicationContext: initialization completed in 1592 ms
2026-04-30 14:43:40 - HHH008540: Processing PersistenceUnitInfo [name: default]
2026-04-30 14:43:40 - HHH000001: Hibernate ORM core version 7.2.7.Final
2026-04-30 14:43:40 - No LoadTimeWeaver setup: ignoring JPA class transformer
2026-04-30 14:43:40 - HikariPool-1 - Starting...
2026-04-30 14:43:40 - HikariPool-1 - Added connection com.mysql.cj.jdbc.ConnectionImpl@6b37ef3e
2026-04-30 14:43:40 - HikariPool-1 - Start completed.
2026-04-30 14:43:40 - HHH10001005: Database info:
	Database JDBC URL [jdbc:mysql://localhost:3306/digital_fit]
	Database driver: MySQL Connector/J
	Database dialect: MySQLDialect
	Database version: 8.0.41
	Default catalog/schema: digital_fit/undefined
	Autocommit mode: undefined/unknown
	Isolation level: REPEATABLE_READ [default REPEATABLE_READ]
	JDBC fetch size: none
	Pool: DataSourceConnectionProvider
	Minimum pool size: undefined/unknown
	Maximum pool size: undefined/unknown
2026-04-30 14:43:41 - HHH000489: No JTA platform available (set 'hibernate.transaction.jta.platform' to enable JTA platform integration)
2026-04-30 14:43:41 - Initialized JPA EntityManagerFactory for persistence unit 'default'
2026-04-30 14:43:41 - Hibernate is in classpath; If applicable, HQL parser will be used.
2026-04-30 14:43:42 - spring.jpa.open-in-view is enabled by default. Therefore, database queries may be performed during view rendering. Explicitly configure spring.jpa.open-in-view to disable this warning
2026-04-30 14:43:42 - Global AuthenticationManager configured with UserDetailsService bean with name customUserDetailsService
2026-04-30 14:43:42 - Cannot find template location: classpath:/templates/ (please add some templates, check your Thymeleaf configuration, or set spring.thymeleaf.check-template-location=false)
2026-04-30 14:43:43 - Exposing 1 endpoint beneath base path '/actuator'
2026-04-30 14:43:43 - Tomcat started on port 8080 (http) with context path '/'
2026-04-30 14:43:43 - Started DigitalFitApplication in 5.251 seconds (process running for 5.735)
2026-04-30 14:43:44 - Initializing Spring DispatcherServlet 'dispatcherServlet'
2026-04-30 14:43:44 - Initializing Servlet 'dispatcherServlet'
2026-04-30 14:43:44 - Completed initialization in 1 ms
2026-04-30 14:44:44 - Buscando usuario con login: usuario1
2026-04-30 14:44:44 - Usuario encontrado: usuario1
2026-04-30 14:44:49 - Listando tickets del usuario usuario1
2026-04-30 14:44:50 - Buscando ticket con id: 1
2026-04-30 14:44:59 - Listando lugares publicos de la app
2026-04-30 14:45:03 - Buscando lugar con id: 3
2026-04-30 14:45:08 - Listando entrenamientos de usuario usuario1
2026-04-30 14:45:11 - Listando centros privados al usuario usuario1
2026-04-30 14:45:14 - Listando mis lugares publicos
2026-04-30 14:45:18 - Obteniendo estadísticas del usuario usuario1
2026-04-30 14:45:18 - Estadísticas del usuario usuario1 obtenidas exitosamente
2026-04-30 14:45:23 - Listando entrenamientos de usuario usuario1
2026-04-30 14:45:23 - Listando centros privados al usuario usuario1
2026-04-30 14:45:23 - Listar historial de entrenamientos
2026-04-30 14:45:23 - Listando entrenamientos base
2026-04-30 14:45:23 - Listando centros privados
2026-04-30 14:45:23 - Listando lugares publicos de la app
2026-04-30 14:45:23 - Listando mis lugares publicos
2026-04-30 14:45:28 - Buscando registro con id: 10
2026-04-30 14:45:30 - Listando centros privados
2026-04-30 14:45:30 - Listando centros privados al usuario usuario1
2026-04-30 14:45:30 - Listando entrenamientos base
2026-04-30 14:45:30 - Listar historial de entrenamientos
2026-04-30 14:45:30 - Listando entrenamientos de usuario usuario1
2026-04-30 14:45:30 - Listando lugares publicos de la app
2026-04-30 14:45:30 - Listando mis lugares publicos
2026-04-30 14:45:35 - Listando entrenamientos base
2026-04-30 14:45:35 - Listando centros privados
2026-04-30 14:45:35 - Listando mis valoraciones
2026-04-30 14:45:35 - Listar historial de entrenamientos
2026-04-30 14:45:35 - Listando entrenamientos de usuario usuario1
2026-04-30 14:45:35 - Listando entrenamientos comunidad
2026-04-30 14:45:35 - Listando centros privados al usuario usuario1
2026-04-30 14:45:35 - Listando lugares publicos de la app
2026-04-30 14:45:35 - Listando mis lugares publicos
2026-04-30 14:45:35 - Listando valoraciones públicas. Categoría: null
2026-04-30 14:45:45 - Listando centros privados al usuario usuario1
2026-04-30 14:47:32 - Listando mis lugares publicos
2026-04-30 14:47:56 - Listando entrenamientos de usuario usuario1
2026-04-30 14:47:56 - Listando centros privados
2026-04-30 14:47:56 - Listando entrenamientos base
2026-04-30 14:47:56 - Listando centros privados al usuario usuario1
2026-04-30 14:47:56 - Listando lugares publicos de la app
2026-04-30 14:47:56 - Listar historial de entrenamientos
2026-04-30 14:47:56 - Listando mis lugares publicos
2026-04-30 14:47:59 - Buscando registro con id: 10
2026-04-30 14:48:11 - Listando tickets del usuario usuario1
2026-04-30 14:48:23 - Buscando usuario con login: admin1
2026-04-30 14:48:23 - Usuario encontrado: admin1
2026-04-30 14:48:25 - Listando tickets para admin
2026-04-30 14:48:27 - Admin consulta ticket con id: 1
2026-04-30 14:48:30 - Cambiando estado de ticket con id: 1
2026-04-30 14:48:37 - Listando entrenamientos base
2026-04-30 14:48:41 - Listando centros privados
2026-04-30 14:49:04 - Listando lugares publicos de la app
2026-04-30 14:49:18 - Buscando lugar con id: 5
2026-04-30 14:49:24 - Listando centros privados
2026-04-30 14:50:11 - Buscando usuario con login: usuario1
2026-04-30 14:50:11 - Usuario encontrado: usuario1
2026-04-30 14:50:15 - Obteniendo estadísticas del usuario usuario1
2026-04-30 14:50:15 - Estadísticas del usuario usuario1 obtenidas exitosamente
