2026-03-18 16:52:27 - Starting DigitalFitApplication using Java 25 with PID 23432 (C:\Users\manue\Desktop\2 DAW\PROYECTO\Código\DIGITAL-FIT\Digital-Fit-Proyecto\Backend\digital-fit\target\classes started by manue in C:\Users\manue\Desktop\2 DAW\PROYECTO\Código\DIGITAL-FIT\Digital-Fit-Proyecto\Backend\digital-fit)
2026-03-18 16:52:27 - Running with Spring Boot v4.0.3, Spring v7.0.5
2026-03-18 16:52:27 - No active profile set, falling back to 1 default profile: "default"
2026-03-18 16:52:27 - Devtools property defaults active! Set 'spring.devtools.add-properties' to 'false' to disable
2026-03-18 16:52:27 - For additional web related logging consider setting the 'logging.level.web' property to 'DEBUG'
2026-03-18 16:52:28 - Bootstrapping Spring Data JPA repositories in DEFAULT mode.
2026-03-18 16:52:28 - Finished Spring Data repository scanning in 74 ms. Found 12 JPA repository interfaces.
2026-03-18 16:52:29 - Tomcat initialized with port 8080 (http)
2026-03-18 16:52:29 - Starting service [Tomcat]
2026-03-18 16:52:29 - Starting Servlet engine: [Apache Tomcat/11.0.18]
2026-03-18 16:52:29 - Root WebApplicationContext: initialization completed in 1597 ms
2026-03-18 16:52:29 - HHH008540: Processing PersistenceUnitInfo [name: default]
2026-03-18 16:52:29 - HHH000001: Hibernate ORM core version 7.2.4.Final
2026-03-18 16:52:29 - No LoadTimeWeaver setup: ignoring JPA class transformer
2026-03-18 16:52:29 - HikariPool-1 - Starting...
2026-03-18 16:52:30 - HikariPool-1 - Added connection com.mysql.cj.jdbc.ConnectionImpl@4289a4e1
2026-03-18 16:52:30 - HikariPool-1 - Start completed.
2026-03-18 16:52:30 - HHH10001005: Database info:
	Database JDBC URL [jdbc:mysql://localhost:3306/digital_fit]
	Database driver: MySQL Connector/J
	Database dialect: MySQLDialect
	Database version: 8.0.41
	Default catalog/schema: digital_fit/undefined
	Autocommit mode: undefined/unknown
	Isolation level: REPEATABLE_READ [default REPEATABLE_READ]
	JDBC fetch size: none
	Pool: DataSourceConnectionProvider
	Minimum pool size: undefined/unknown
	Maximum pool size: undefined/unknown
2026-03-18 16:52:32 - HHH000489: No JTA platform available (set 'hibernate.transaction.jta.platform' to enable JTA platform integration)
2026-03-18 16:52:32 - Initialized JPA EntityManagerFactory for persistence unit 'default'
2026-03-18 16:52:32 - Hibernate is in classpath; If applicable, HQL parser will be used.
2026-03-18 16:52:34 - spring.jpa.open-in-view is enabled by default. Therefore, database queries may be performed during view rendering. Explicitly configure spring.jpa.open-in-view to disable this warning
2026-03-18 16:52:34 - Global AuthenticationManager configured with UserDetailsService bean with name customUserDetailsService
2026-03-18 16:52:35 - Cannot find template location: classpath:/templates/ (please add some templates, check your Thymeleaf configuration, or set spring.thymeleaf.check-template-location=false)
2026-03-18 16:52:35 - Exposing 1 endpoint beneath base path '/actuator'
2026-03-18 16:52:35 - Tomcat started on port 8080 (http) with context path '/'
2026-03-18 16:52:35 - Started DigitalFitApplication in 8.191 seconds (process running for 8.502)
2026-03-18 16:52:37 - Initializing Spring DispatcherServlet 'dispatcherServlet'
2026-03-18 16:52:37 - Initializing Servlet 'dispatcherServlet'
2026-03-18 16:52:37 - Completed initialization in 2 ms
2026-03-18 16:52:43 - Buscando usuario con login: manuel
2026-03-18 16:52:43 - Usuario encontrado: manuel
2026-03-18 16:52:49 - Buscando usuario con login: manuel
2026-03-18 16:52:49 - Usuario encontrado: manuel
2026-03-18 16:52:51 - Listando centros privados
2026-03-18 16:52:53 - Listando lugares publicos de la app
2026-03-18 16:53:02 - Listando entrenamientos base
2026-03-18 16:53:04 - Listando centros privados
2026-03-18 16:53:06 - Listando lugares publicos de la app
2026-03-18 16:53:07 - Listando entrenamientos base
2026-03-18 16:54:43 - Listando lugares publicos de la app
2026-03-18 16:54:49 - Listando centros privados
2026-03-18 16:54:52 - Listando lugares publicos de la app
2026-03-18 16:55:26 - Listando centros privados
2026-03-18 16:55:29 - Listando lugares publicos de la app
2026-03-18 17:29:52 - Starting DigitalFitApplication using Java 25 with PID 23208 (C:\Users\manue\Desktop\2 DAW\PROYECTO\Código\DIGITAL-FIT\Digital-Fit-Proyecto\Backend\digital-fit\target\classes started by manue in C:\Users\manue\Desktop\2 DAW\PROYECTO\Código\DIGITAL-FIT\Digital-Fit-Proyecto\Backend\digital-fit)
2026-03-18 17:29:52 - Running with Spring Boot v4.0.3, Spring v7.0.5
2026-03-18 17:29:52 - No active profile set, falling back to 1 default profile: "default"
2026-03-18 17:29:52 - Devtools property defaults active! Set 'spring.devtools.add-properties' to 'false' to disable
2026-03-18 17:29:52 - For additional web related logging consider setting the 'logging.level.web' property to 'DEBUG'
2026-03-18 17:29:53 - Bootstrapping Spring Data JPA repositories in DEFAULT mode.
2026-03-18 17:29:53 - Finished Spring Data repository scanning in 71 ms. Found 12 JPA repository interfaces.
2026-03-18 17:29:53 - Tomcat initialized with port 8080 (http)
2026-03-18 17:29:53 - Starting service [Tomcat]
2026-03-18 17:29:53 - Starting Servlet engine: [Apache Tomcat/11.0.18]
2026-03-18 17:29:54 - Root WebApplicationContext: initialization completed in 1431 ms
2026-03-18 17:29:54 - HHH008540: Processing PersistenceUnitInfo [name: default]
2026-03-18 17:29:54 - HHH000001: Hibernate ORM core version 7.2.4.Final
2026-03-18 17:29:54 - No LoadTimeWeaver setup: ignoring JPA class transformer
2026-03-18 17:29:54 - HikariPool-1 - Starting...
2026-03-18 17:29:54 - HikariPool-1 - Added connection com.mysql.cj.jdbc.ConnectionImpl@4f18e4f5
2026-03-18 17:29:54 - HikariPool-1 - Start completed.
2026-03-18 17:29:54 - HHH10001005: Database info:
	Database JDBC URL [jdbc:mysql://localhost:3306/digital_fit]
	Database driver: MySQL Connector/J
	Database dialect: MySQLDialect
	Database version: 8.0.41
	Default catalog/schema: digital_fit/undefined
	Autocommit mode: undefined/unknown
	Isolation level: REPEATABLE_READ [default REPEATABLE_READ]
	JDBC fetch size: none
	Pool: DataSourceConnectionProvider
	Minimum pool size: undefined/unknown
	Maximum pool size: undefined/unknown
2026-03-18 17:29:56 - HHH000489: No JTA platform available (set 'hibernate.transaction.jta.platform' to enable JTA platform integration)
2026-03-18 17:29:56 - Initialized JPA EntityManagerFactory for persistence unit 'default'
2026-03-18 17:29:56 - Hibernate is in classpath; If applicable, HQL parser will be used.
2026-03-18 17:29:58 - spring.jpa.open-in-view is enabled by default. Therefore, database queries may be performed during view rendering. Explicitly configure spring.jpa.open-in-view to disable this warning
2026-03-18 17:29:58 - Global AuthenticationManager configured with UserDetailsService bean with name customUserDetailsService
2026-03-18 17:29:59 - Cannot find template location: classpath:/templates/ (please add some templates, check your Thymeleaf configuration, or set spring.thymeleaf.check-template-location=false)
2026-03-18 17:29:59 - Exposing 1 endpoint beneath base path '/actuator'
2026-03-18 17:29:59 - Tomcat started on port 8080 (http) with context path '/'
2026-03-18 17:29:59 - Started DigitalFitApplication in 7.388 seconds (process running for 7.735)
2026-03-18 17:30:54 - Initializing Spring DispatcherServlet 'dispatcherServlet'
2026-03-18 17:30:54 - Initializing Servlet 'dispatcherServlet'
2026-03-18 17:30:54 - Completed initialization in 1 ms
2026-03-18 17:31:01 - Buscando usuario con login: usuario1
2026-03-18 17:31:01 - Usuario encontrado: usuario1
2026-03-18 17:31:04 - Listando centros privados
2026-03-18 17:31:07 - Listando lugares publicos de la app
2026-03-18 17:31:08 - Listando centros privados
2026-03-18 17:31:09 - Buscando centro privado con id: 1
2026-03-18 17:46:43 - Buscando centro privado con id: 1
